当前日期: 2020/05/13 周三
当前时间: 16:18:04.48

主机名:           DESKTOP-3BL3FH1
OS 名称:          Microsoft Windows 10 家庭中文版
OS 版本:          10.0.18362 暂缺 Build 18362
OS 制造商:        Microsoft Corporation
OS 配置:          独立工作站
OS 构建类型:      Multiprocessor Free
注册的所有人:     暂缺
注册的组织:       暂缺
产品 ID:          00342-30262-00002-AAOEM
初始安装日期:     2019/8/12, 15:30:27
系统启动时间:     2020/5/8, 21:24:37
系统制造商:       MECHREVO
系统型号:         X6Ti Series GH5KN41
系统类型:         x64-based PC
处理器:           安装了 1 个处理器。
                  [01]: Intel64 Family 6 Model 158 Stepping 9 GenuineIntel ~2801 Mhz
BIOS 版本:        American Megatrends Inc. N.1.03, 2017/3/8
Windows 目录:     C:\WINDOWS
系统目录:         C:\WINDOWS\system32
启动设备:         \Device\HarddiskVolume1
系统区域设置:     zh-cn;中文(中国)
输入法区域设置:   zh-cn;中文(中国)
时区:             (UTC+08:00) 北京，重庆，香港特别行政区，乌鲁木齐
物理内存总量:     8,109 MB
可用的物理内存:   3,063 MB
虚拟内存: 最大值: 12,973 MB
虚拟内存: 可用:   4,609 MB
虚拟内存: 使用中: 8,364 MB
页面文件位置:     C:\pagefile.sys
域:               WORKGROUP
登录服务器:       \\DESKTOP-3BL3FH1
修补程序:         安装了 16 个修补程序。
                  [01]: KB4534132
                  [02]: KB4497165
                  [03]: KB4498523
                  [04]: KB4503308
                  [05]: KB4508433
                  [06]: KB4509096
                  [07]: KB4515383
                  [08]: KB4516115
                  [09]: KB4521863
                  [10]: KB4524569
                  [11]: KB4528759
                  [12]: KB4537759
                  [13]: KB4538674
                  [14]: KB4541338
                  [15]: KB4552152
                  [16]: KB4549951
网卡:             安装了 4 个 NIC。
                  [01]: VMware Virtual Ethernet Adapter for VMnet1
                      连接名:      VMware Network Adapter VMnet1
                      启用 DHCP:   是
                      DHCP 服务器: 255.255.255.255
                      IP 地址
                        [01]: 169.254.221.22
                        [02]: fe80::ac58:af93:e76c:dd16
                  [02]: VMware Virtual Ethernet Adapter for VMnet8
                      连接名:      VMware Network Adapter VMnet8
                      启用 DHCP:   是
                      DHCP 服务器: 255.255.255.255
                      IP 地址
                        [01]: 169.254.172.4
                        [02]: fe80::f803:718f:1107:ac04
                  [03]: Intel(R) Dual Band Wireless-AC 3168
                      连接名:      WLAN
                      启用 DHCP:   是
                      DHCP 服务器: 192.168.1.1
                      IP 地址
                        [01]: 192.168.1.3
                        [02]: fe80::743e:31ed:ee10:dabb
                        [03]: 240e:330:5805:9c00:9c00:6f5f:8f9b:85ba
                        [04]: 240e:330:5805:9c00:743e:31ed:ee10:dabb
                  [04]: Realtek PCIe GBE Family Controller
                      连接名:      以太网
                      状态:        媒体连接已中断
Hyper-V 要求:     虚拟机监视器模式扩展: 是
                  固件中已启用虚拟化: 是
                  二级地址转换: 是
                  数据执行保护可用: 是


Windows IP 配置

   主机名  . . . . . . . . . . . . . : DESKTOP-3BL3FH1
   主 DNS 后缀 . . . . . . . . . . . : 
   节点类型  . . . . . . . . . . . . : 混合
   IP 路由已启用 . . . . . . . . . . : 否
   WINS 代理已启用 . . . . . . . . . : 否

以太网适配器 以太网:

   媒体状态  . . . . . . . . . . . . : 媒体已断开连接
   连接特定的 DNS 后缀 . . . . . . . : 
   描述. . . . . . . . . . . . . . . : Realtek PCIe GBE Family Controller
   物理地址. . . . . . . . . . . . . : B0-25-AA-21-39-90
   DHCP 已启用 . . . . . . . . . . . : 是
   自动配置已启用. . . . . . . . . . : 是

无线局域网适配器 本地连接* 2:

   媒体状态  . . . . . . . . . . . . : 媒体已断开连接
   连接特定的 DNS 后缀 . . . . . . . : 
   描述. . . . . . . . . . . . . . . : Microsoft Wi-Fi Direct Virtual Adapter #3
   物理地址. . . . . . . . . . . . . : 10-F0-05-2E-6B-71
   DHCP 已启用 . . . . . . . . . . . : 是
   自动配置已启用. . . . . . . . . . : 是

无线局域网适配器 本地连接* 3:

   媒体状态  . . . . . . . . . . . . : 媒体已断开连接
   连接特定的 DNS 后缀 . . . . . . . : 
   描述. . . . . . . . . . . . . . . : Microsoft Wi-Fi Direct Virtual Adapter #4
   物理地址. . . . . . . . . . . . . : 12-F0-05-2E-6B-70
   DHCP 已启用 . . . . . . . . . . . : 是
   自动配置已启用. . . . . . . . . . : 是

以太网适配器 VMware Network Adapter VMnet1:

   连接特定的 DNS 后缀 . . . . . . . : 
   描述. . . . . . . . . . . . . . . : VMware Virtual Ethernet Adapter for VMnet1
   物理地址. . . . . . . . . . . . . : 00-50-56-C0-00-01
   DHCP 已启用 . . . . . . . . . . . : 是
   自动配置已启用. . . . . . . . . . : 是
   本地链接 IPv6 地址. . . . . . . . : fe80::ac58:af93:e76c:dd16%15(首选) 
   自动配置 IPv4 地址  . . . . . . . : 169.254.221.22(首选) 
   子网掩码  . . . . . . . . . . . . : 255.255.0.0
   默认网关. . . . . . . . . . . . . : 
   DHCPv6 IAID . . . . . . . . . . . : 134238294
   DHCPv6 客户端 DUID  . . . . . . . : 00-01-00-01-20-CD-5E-27-B0-25-AA-21-39-90
   DNS 服务器  . . . . . . . . . . . : fec0:0:0:ffff::1%1
                                       fec0:0:0:ffff::2%1
                                       fec0:0:0:ffff::3%1
   TCPIP 上的 NetBIOS  . . . . . . . : 已启用

以太网适配器 VMware Network Adapter VMnet8:

   连接特定的 DNS 后缀 . . . . . . . : 
   描述. . . . . . . . . . . . . . . : VMware Virtual Ethernet Adapter for VMnet8
   物理地址. . . . . . . . . . . . . : 00-50-56-C0-00-08
   DHCP 已启用 . . . . . . . . . . . : 是
   自动配置已启用. . . . . . . . . . : 是
   本地链接 IPv6 地址. . . . . . . . : fe80::f803:718f:1107:ac04%14(首选) 
   自动配置 IPv4 地址  . . . . . . . : 169.254.172.4(首选) 
   子网掩码  . . . . . . . . . . . . : 255.255.0.0
   默认网关. . . . . . . . . . . . . : 
   DHCPv6 IAID . . . . . . . . . . . : 218124374
   DHCPv6 客户端 DUID  . . . . . . . : 00-01-00-01-20-CD-5E-27-B0-25-AA-21-39-90
   DNS 服务器  . . . . . . . . . . . : fec0:0:0:ffff::1%1
                                       fec0:0:0:ffff::2%1
                                       fec0:0:0:ffff::3%1
   TCPIP 上的 NetBIOS  . . . . . . . : 已启用

无线局域网适配器 WLAN:

   连接特定的 DNS 后缀 . . . . . . . : 
   描述. . . . . . . . . . . . . . . : Intel(R) Dual Band Wireless-AC 3168
   物理地址. . . . . . . . . . . . . : 10-F0-05-2E-6B-70
   DHCP 已启用 . . . . . . . . . . . : 是
   自动配置已启用. . . . . . . . . . : 是
   IPv6 地址 . . . . . . . . . . . . : 240e:330:5805:9c00:743e:31ed:ee10:dabb(首选) 
   临时 IPv6 地址. . . . . . . . . . : 240e:330:5805:9c00:9c00:6f5f:8f9b:85ba(首选) 
   本地链接 IPv6 地址. . . . . . . . : fe80::743e:31ed:ee10:dabb%12(首选) 
   IPv4 地址 . . . . . . . . . . . . : 192.168.1.3(首选) 
   子网掩码  . . . . . . . . . . . . : 255.255.255.0
   获得租约的时间  . . . . . . . . . : 2020年5月12日 19:52:09
   租约过期的时间  . . . . . . . . . : 2020年5月14日 15:56:58
   默认网关. . . . . . . . . . . . . : fe80::1%12
                                       192.168.1.1
   DHCP 服务器 . . . . . . . . . . . : 192.168.1.1
   DHCPv6 IAID . . . . . . . . . . . : 185659397
   DHCPv6 客户端 DUID  . . . . . . . : 00-01-00-01-20-CD-5E-27-B0-25-AA-21-39-90
   DNS 服务器  . . . . . . . . . . . : fe80::1%12
                                       192.168.1.1
   主 WINS 服务器  . . . . . . . . . : 192.168.1.1
   辅助 WINS 服务器  . . . . . . . . : 192.168.1.1
   TCPIP 上的 NetBIOS  . . . . . . . : 已启用
===========================================================================
接口列表
 13...b0 25 aa 21 39 90 ......Realtek PCIe GBE Family Controller
  7...10 f0 05 2e 6b 71 ......Microsoft Wi-Fi Direct Virtual Adapter #3
 22...12 f0 05 2e 6b 70 ......Microsoft Wi-Fi Direct Virtual Adapter #4
 15...00 50 56 c0 00 01 ......VMware Virtual Ethernet Adapter for VMnet1
 14...00 50 56 c0 00 08 ......VMware Virtual Ethernet Adapter for VMnet8
 12...10 f0 05 2e 6b 70 ......Intel(R) Dual Band Wireless-AC 3168
  1...........................Software Loopback Interface 1
===========================================================================

IPv4 路由表
===========================================================================
活动路由:
网络目标        网络掩码          网关       接口   跃点数
          0.0.0.0          0.0.0.0      192.168.1.1      192.168.1.3     55
        127.0.0.0        255.0.0.0            在链路上         127.0.0.1    331
        127.0.0.1  255.255.255.255            在链路上         127.0.0.1    331
  127.255.255.255  255.255.255.255            在链路上         127.0.0.1    331
      169.254.0.0      255.255.0.0            在链路上    169.254.221.22    291
      169.254.0.0      255.255.0.0            在链路上     169.254.172.4    291
    169.254.172.4  255.255.255.255            在链路上     169.254.172.4    291
   169.254.221.22  255.255.255.255            在链路上    169.254.221.22    291
  169.254.255.255  255.255.255.255            在链路上    169.254.221.22    291
  169.254.255.255  255.255.255.255            在链路上     169.254.172.4    291
      192.168.1.0    255.255.255.0            在链路上       192.168.1.3    311
      192.168.1.3  255.255.255.255            在链路上       192.168.1.3    311
    192.168.1.255  255.255.255.255            在链路上       192.168.1.3    311
        224.0.0.0        240.0.0.0            在链路上         127.0.0.1    331
        224.0.0.0        240.0.0.0            在链路上       192.168.1.3    311
        224.0.0.0        240.0.0.0            在链路上    169.254.221.22    291
        224.0.0.0        240.0.0.0            在链路上     169.254.172.4    291
  255.255.255.255  255.255.255.255            在链路上         127.0.0.1    331
  255.255.255.255  255.255.255.255            在链路上       192.168.1.3    311
  255.255.255.255  255.255.255.255            在链路上    169.254.221.22    291
  255.255.255.255  255.255.255.255            在链路上     169.254.172.4    291
===========================================================================
永久路由:
  无

IPv6 路由表
===========================================================================
活动路由:
 接口跃点数网络目标                网关
 12    311 ::/0                     fe80::1
  1    331 ::1/128                  在链路上
 12    311 240e:330:5805:9c00::/64  在链路上
 12    311 240e:330:5805:9c00:743e:31ed:ee10:dabb/128
                                    在链路上
 12    311 240e:330:5805:9c00:9c00:6f5f:8f9b:85ba/128
                                    在链路上
 12    311 fe80::/64                在链路上
 15    291 fe80::/64                在链路上
 14    291 fe80::/64                在链路上
 12    311 fe80::743e:31ed:ee10:dabb/128
                                    在链路上
 15    291 fe80::ac58:af93:e76c:dd16/128
                                    在链路上
 14    291 fe80::f803:718f:1107:ac04/128
                                    在链路上
  1    331 ff00::/8                 在链路上
 12    311 ff00::/8                 在链路上
 15    291 ff00::/8                 在链路上
 14    291 ff00::/8                 在链路上
===========================================================================
永久路由:
  无

接口: 192.168.1.3 --- 0xc
  Internet 地址         物理地址              类型
  192.168.1.1           54-66-6c-6b-b4-10     动态        
  192.168.1.7           24-fb-65-94-79-7f     动态        
  192.168.1.255         ff-ff-ff-ff-ff-ff     静态        
  224.0.0.22            01-00-5e-00-00-16     静态        
  224.0.0.251           01-00-5e-00-00-fb     静态        
  224.0.0.252           01-00-5e-00-00-fc     静态        
  239.255.255.250       01-00-5e-7f-ff-fa     静态        
  255.255.255.255       ff-ff-ff-ff-ff-ff     静态        

接口: 169.254.172.4 --- 0xe
  Internet 地址         物理地址              类型
  169.254.255.255       ff-ff-ff-ff-ff-ff     静态        
  224.0.0.22            01-00-5e-00-00-16     静态        
  224.0.0.251           01-00-5e-00-00-fb     静态        
  224.0.0.252           01-00-5e-00-00-fc     静态        
  239.255.255.250       01-00-5e-7f-ff-fa     静态        
  255.255.255.255       ff-ff-ff-ff-ff-ff     静态        

接口: 169.254.221.22 --- 0xf
  Internet 地址         物理地址              类型
  169.254.255.255       ff-ff-ff-ff-ff-ff     静态        
  224.0.0.22            01-00-5e-00-00-16     静态        
  224.0.0.251           01-00-5e-00-00-fb     静态        
  224.0.0.252           01-00-5e-00-00-fc     静态        
  239.255.255.250       01-00-5e-7f-ff-fa     静态        
  255.255.255.255       ff-ff-ff-ff-ff-ff     静态        
Process information for DESKTOP-3BL3FH1:

Name                Pid Pri Thd  Hnd   Priv        CPU Time    Elapsed Time 
Idle                  0   0   8    0     60   175:11:32.125   115:01:33.278
System                4   8 261 9309    192     1:45:34.453   115:01:33.278
Registry            120   8   4    0  11300     0:00:04.046   115:01:36.253
smss                436  11   2   53   1168     0:00:00.187   115:01:33.272
csrss               704  13  12  861   1936     0:00:06.968   115:01:29.639
wininit             804  13   1  167   1912     0:00:00.250   115:01:28.380
services            876   9   8  768   5804     0:01:37.265   115:01:28.246
lsass               896   9   8 1860  10092     0:01:07.062   115:01:28.203
svchost             640   8   2   86    972     0:00:00.000   115:01:27.920
svchost             656   8  20 1364  16008     0:02:49.015   115:01:27.904
fontdrvhost         696   8   5   32  11340     0:00:00.078   115:01:27.890
svchost            1064   8  20 1438  12132     0:02:51.687   115:01:27.725
svchost            1116   8   6  395   3644     0:00:26.687   115:01:27.683
svchost            1312   8   8  286   2800     0:00:12.312   115:01:27.453
svchost            1380   8   3  189   2028     0:00:00.984   115:01:27.432
svchost            1432   8   4  256   2792     0:00:01.968   115:01:27.420
svchost            1440   8   3  158   2392     0:00:01.437   115:01:27.420
svchost            1576   8  20  430   7324     0:00:36.859   115:01:27.382
svchost            1600   8   3  229   3152     0:00:03.812   115:01:27.374
svchost            1632   8   4  282   2500     0:00:00.312   115:01:27.362
svchost            1688   8   6  136   1604     0:00:00.078   115:01:27.346
svchost            1696   8   5  178   2056     0:00:00.734   115:01:27.345
svchost            1800   8   7  440  15908     0:00:10.218   115:01:27.312
svchost            1904   8  10  342   3348     0:00:13.656   115:01:27.279
svchost            1952   8   3  233   2512     0:00:01.312   115:01:27.266
svchost            2008   8   2  126   1688     0:00:00.109   115:01:27.258
igfxCUIService     1404   8   3  209   2500     0:00:00.218   115:01:27.225
svchost            1936   8   5  222   2052     0:00:00.343   115:01:27.218
taskhostw          2100   6   5  494  31968     0:00:09.890   115:01:27.211
svchost            2124   8   6  174   7832     0:00:23.406   115:01:27.204
svchost            2256   8  16  272   3232     0:02:45.187   115:01:27.148
svchost            2268   8   4  183   2696     0:01:34.546   115:01:27.146
svchost            2408   8   5  261   9664     0:01:28.125   115:01:27.110
svchost            2460   8   6  190   2148     0:00:01.671   115:01:27.042
NVDisplay.Container  2488   8   6  248   3152     0:00:02.812   115:01:27.030
svchost            2536   8  17  326   5212     2:08:47.921   115:01:27.010
svchost            2576   8  16  422   6144     0:02:30.828   115:01:27.004
svchost            2628   8   6  227   2456     0:00:00.562   115:01:26.986
QQPCRTP            2664   8 104 1252  54852     0:06:53.296   115:01:26.966
svchost            2824   8   8  831   3408     0:00:58.421   115:01:26.879
svchost            2964   8   4  201   2344     0:00:36.296   115:01:26.729
svchost            2388   8   3  263   1340     0:00:00.406   115:01:26.243
svchost            2312   8   6  241   3432     0:02:11.390   115:01:26.243
svchost            3100   8   3  200   1896     0:00:01.125   115:01:26.199
svchost            3108   8   7  194   2408     0:00:09.390   115:01:26.199
Memory Compression  3180   8 194    0   1884     0:03:53.953   115:01:26.060
dllhost            3400   8   2  274   3096     0:00:01.062   115:01:25.717
dllhost            3396   8   2  274   3076     0:00:01.078   115:01:25.717
svchost            3528   8  10  417   4220     0:16:03.156   115:01:25.456
svchost            3648   8   5  139   1912     0:00:03.203   115:01:25.292
svchost            3660   8  10  391   3160     0:00:04.265   115:01:25.292
svchost            3820   8  14  513   6808     0:00:09.656   115:01:25.180
kxescore           3900   8 296 7933 163592     0:18:22.812   115:01:25.001
spoolsv            3228   8   8  481   6884     0:00:02.671   115:01:24.840
svchost            3500   8  13  437  22856     0:02:19.046   115:01:24.812
IntelCpHDCPSvc     4812   8   4  201   2172     0:00:00.156   115:01:24.479
svchost            4856   8  25  461  37132     0:04:18.734   115:01:24.472
svchost            4900   8  10  380   7608     0:03:50.984   115:01:24.466
svchost            4912   8   5  268   2828     0:00:18.109   115:01:24.464
IpOverUsbSvc       4920   8   6  274   9688     0:00:00.515   115:01:24.464
svchost            4936   8  10  566  20800     0:00:34.375   115:01:24.461
ibtsiva            4944   8   1   88   1040     0:00:00.093   115:01:24.461
Services           4960   8   6 47386   3524     0:00:02.156   115:01:24.458
Services           4968   8   6 47387   1900     0:00:02.062   115:01:24.455
ETDService         4976   8   2  114   1220     0:00:01.593   115:01:24.454
OOBEService        4984   8   2   74    864     0:00:00.078   115:01:24.453
svchost            5008   8   5 2137   2420     0:00:05.687   115:01:24.451
svchost            5016   8   3  160   1408     0:00:00.062   115:01:24.450
svchost            5032   8   5  180   2160     0:00:01.984   115:01:24.449
svchost            5044   8   5  286   4040     0:00:08.203   115:01:24.446
vPFiuiwK           5056   8   3  286   3180     0:00:01.546   115:01:24.445
QQProtect          5064   8  20  465  17884     0:00:11.046   115:01:24.445
svchost            5084   8   4  188   2720     0:00:15.750   115:01:24.443
svchost            5092   8   5  293   3900     0:00:23.578   115:01:24.442
svchost            5100   8   7  186   2032     0:00:01.421   115:01:24.441
svchost            5112   8   9  450   5604     0:00:12.312   115:01:24.440
svchost            5108   8   2  132   1676     0:00:00.078   115:01:24.440
OSDSrv             4240   8   1   72    840     0:00:00.062   115:01:24.440
nvcontainer        3840   8  29  514   9928     0:00:42.000   115:01:24.438
svchost            5124   8   4  213  21964     0:00:03.296   115:01:24.435
NvTelemetryContainer  5132   8   9  293   4980     0:00:02.015   115:01:24.435
LaunchServ         5256   8   1  174   3604     0:00:00.031   115:01:24.414
svchost            5840   8   5  251   2484     0:00:00.375   115:01:24.280
svchost            6000   8   7  214   2456     0:00:01.859   115:01:24.240
IntelCpHeciSvc     6064   8   4  183   2100     0:00:00.109   115:01:24.207
svchost            6072   8   6  483   3856     0:00:29.953   115:01:24.205
dasHost            6160   8   2  112   1136     0:00:00.078   115:01:24.121
svchost            6228   8  15  394   3716     0:00:06.640   115:01:24.102
svchost            6260   8   5  133   1636     0:00:00.078   115:01:24.081
svchost            6312   8   2  255   2652     0:00:02.593   115:01:24.056
svchost            7096   8   9  437   5276     0:00:06.859   115:01:23.580
svchost            4664   8   9  247   2424     0:00:51.781   115:01:23.314
svchost            7600   8   2  234   2012     0:00:14.390   115:01:22.710
svchost            7732   8   8  322   4844     0:00:04.578   115:01:22.153
yhxftlso           9840   8   6  474 177640     0:08:24.578   115:01:18.241
dllhost           10852   8   6  209   4072     0:00:00.171   115:01:13.742
svchost           11272   8   6  433  12396     0:00:09.546   115:01:12.529
svchost           11580   8   5  427   4336     0:00:10.515   115:01:11.615
svchost           10840   8  10  191   2412     0:00:01.234   115:01:09.608
SecurityHealthService 13096   8  25  659   7172     0:00:06.328   115:01:01.369
svchost             800   8   3  192   2712     0:00:02.187   115:00:52.814
svchost           11192   8   2  109   1380     0:00:00.062   115:00:31.089
svchost            4220   8   4  252   3016     0:00:00.921   114:59:33.991
aesm_service       5140   8   4  193   2812     0:00:00.265   114:59:23.648
ReaderTransSvr    10508   8  12  324   5140     0:03:28.234   114:59:22.950
SgrmBroker          840   8   5   89   3956     0:00:05.031   114:59:22.592
svchost            2072   8  10  342   5444     0:00:17.796   114:59:22.193
svchost           10636   8   8  237   3028     0:00:02.125   114:59:21.168
svchost           11212   8   3  240   3068     0:01:36.671   114:57:22.965
svchost           17320   8   7  222   2536     0:00:00.734   114:54:14.376
svchost           15156   8   9  192   3348     0:00:23.109   114:39:44.600
svchost           13420   8   5  310   4460     0:00:04.484    90:35:53.303
svchost           14668   8  11  430   7588     0:06:24.000    90:25:02.567
AppVShNotify      16932   8   1  157   1708     0:00:00.031    90:10:50.089
SearchIndexer     17528   8  22 1001  45484     0:01:35.343    90:09:34.480
svchost           18672   8   5  199   6636     0:00:00.234    80:07:18.168
svchost           29008   8  10  596  76284     0:02:13.625    73:05:12.553
audiodg           34188   8  10  605  23756     0:50:01.718    20:17:34.397
PresentationFontCache 35364   8   4  245  31472     0:00:01.562    18:09:23.459
OfficeClickToRun  33364   8  22  732  23112     0:00:04.312    18:09:23.027
csrss             36244  13  14  821   2732     0:01:35.468    17:49:49.478
winlogon          32616  13   3  279   2520     0:00:00.859    17:49:49.397
fontdrvhost       35216   8   5   32  15108     0:00:04.765    17:49:49.254
dwm               18876  13  16 1407 144912     0:20:06.156    17:49:49.221
NVDisplay.Container 28864   8  14  492  10712     0:00:06.328    17:49:41.072
ETDCtrl            7924  10  12  515   7344     0:00:01.750     5:06:01.258
ctfmon            27236  13  15  787  13220     0:00:42.234     5:06:00.857
nvcontainer        6836   8  24  503  13192     0:00:16.796     5:06:00.508
sihost            29792   8  15  831  12356     0:00:35.656     5:06:00.428
svchost           36508   8  13  475   9984     0:00:05.687     5:06:00.358
igfxEM            28996   8  14  665   9004     0:00:29.453     5:06:00.252
svchost           19460   8   8  482   7696     0:00:08.312     5:06:00.239
taskhostw         15392   8   8  337  13032     0:00:04.375     5:06:00.090
ChsIME            14680   8  43 1005  15832     0:00:31.750     5:05:59.569
explorer          23196   8 129 3807 123252     0:05:02.859     5:05:58.171
ETDCtrlHelper     23184  10   1  142   2792     0:00:00.203     5:05:58.098
svchost           10560   8   4  258   3076     0:00:00.359     5:05:57.637
SettingSyncHost   24040   6   3  180   2472     0:00:00.328     5:05:57.222
rundll32          29040   8   1  146   1804     0:00:00.171     5:05:57.220
NVIDIA Web Helper 25708   6  83  572  35700     0:00:06.734     5:05:56.997
conhost           14808   6   2  118   6532     0:00:00.078     5:05:56.713
svchost           28016   8   7  306   3688     0:00:00.593     5:05:56.618
StartMenuExperienceHost 11340   8  14  712  29416     0:00:09.406     5:05:54.685
RuntimeBroker     25716   8   4  300   6448     0:00:09.000     5:05:54.099
SearchUI          11928   8  45 1447 125748     0:01:01.531     5:05:51.996
RuntimeBroker      5184   8  11  578   8816     0:00:15.687     5:05:51.539
WindowsInternal.ComposableShell.Experiences.TextInput.InputApp 14788   8  16  693  15360     0:00:13.484     5:05:49.211
QQPCTray          14512   8 179 2251 122640     0:07:03.250     5:05:49.037
RuntimeBroker     14828   8   3  316   4764     0:01:02.750     5:05:47.897
QQPCRealTimeSpeedup 25844   8  25  711  27756     0:02:09.718     5:05:40.687
SecurityHealthSystray 36804   8   1  155   1960     0:00:00.140     5:05:39.434
rundll32          16984   8  15  246   4976     0:00:01.656     5:05:38.832
RAVCpl64          36132   8   8  478   7948     0:00:02.328     5:05:36.847
QQ                 4524   8 100 2052 281652     0:09:23.218     5:05:36.127
SBCinema3          9808   8   5  336  23540     0:00:01.390     5:05:32.418
THTFTray          34048   8   6  442  23700     0:00:02.140     5:05:29.518
OSDTpDetect       29044   8   4  261  18260     0:00:00.359     5:05:27.760
kxetray           36096   8 197 2880 265860     0:03:02.859     5:05:26.652
knewvip           16576   8  27  468  11740     0:00:04.703     5:05:26.315
ApplicationFrameHost 33688   8  15  628  28792     0:00:08.062     5:05:20.236
kwsprotect64      28416   8   3  132   4776     0:00:00.156     5:05:15.444
SystemSettings    28836   8  23  853  22764     0:00:01.406     5:05:00.281
QQExternal        32620   8  13  394  39488     0:00:23.343     5:04:42.973
dllhost           35452   8   6  243   5868     0:00:00.484     5:04:39.789
RuntimeBroker     36384   8   3  275   3788     0:00:00.625     5:04:39.273
svchost            1656   8   8  562   6604     0:00:05.765     5:04:00.143
RuntimeBroker     25232   8  10  516   9740     0:00:05.265     5:03:25.608
ShellExperienceHost 14852   8  30  903  25148     0:00:03.546     5:03:06.485
Microsoft.Photos  36088   8  15  828  47844     0:00:03.343     5:01:26.558
ChsIME            15816   8   3  295   4124     0:00:00.531     4:52:54.549
QQBrowser         12464   8  24  600  33028     0:00:25.781     4:51:08.075
QQBrowser         18692   8  13  474  19040     0:00:04.812     4:51:07.218
QQBrowser         25744   8  51 2178 103812     0:03:03.796     4:51:07.094
QQBrowser          1660   8  19  367  55584     0:00:05.390     4:51:05.562
QQBrowser         23964   8  13  558 165720     0:00:30.765     4:51:04.748
QQBrowser          5500   8   8  472  22216     0:00:03.437     4:51:02.731
QQBrowser          6880   8   3  205   7584     0:00:00.156     4:51:00.784
QQBrowser          6464   8  17  334  29528     0:00:00.906     4:51:00.680
QQBrowser         31072   8  20  722  18312     0:02:17.421     4:50:58.229
QQBrowser         32724   4  17  428  59296     0:00:18.390     4:50:43.299
Video.UI           4520   8  30 1435 162896     0:02:28.781     4:48:52.945
RuntimeBroker     35944   8   5  392  10472     0:00:02.718     4:41:56.989
LockApp           17656   8  12  534  13856     0:00:01.953     4:28:09.723
RuntimeBroker     24704   8   6  401  10124     0:00:06.406     4:28:09.370
Calculator        14464   8  20  543  22396     0:00:01.375     3:50:52.061
smartscreen        3764   8  15  440  16696     0:00:01.343     3:43:49.087
MicrosoftEdge     35688   8  34  881  24832     0:00:01.343     3:43:47.459
browser_broker    30188   8   2  137   1660     0:00:00.015     3:43:47.148
MicrosoftEdgeSH   36252   8   9  268   3908     0:00:00.093     3:43:46.616
MicrosoftEdgeCP   15288   8  16  494   8780     0:00:00.390     3:43:46.552
NemuPlayer         9320   8  74 1245 502676     1:25:33.484     3:41:57.924
NemuSVC           13924   8   9  681  27444     0:00:04.046     3:41:37.960
NemuHeadless       1084   8   5  351  58928     4:22:33.000     3:41:27.440
conhost            4604   8   2  115   6528     0:00:00.015     3:41:27.203
NemuService       36664   8  12  499  33156     0:00:02.312     3:41:24.978
QQBrowser         27968   4  17  392  42028     0:00:04.390     2:26:33.951
svchost           26548   8   4  124   1560     0:00:00.171     1:06:51.401
svchost             936   8   4  115   1364     0:00:00.093     0:29:19.569
RuntimeBroker     37604   8  17  417   7144     0:00:00.671     0:28:44.490
QQBrowser         10924   8  25  543 174404     0:01:45.625     0:27:54.631
cmd               27484   8   2   90   4872     0:00:00.125     0:19:47.924
conhost           19132   8  15  373  15316     0:00:18.875     0:19:47.762
QQBrowser         37024   8  20  314  35916     0:00:00.937     0:16:01.805
SearchProtocolHost 15564   4   6  377   2480     0:00:00.187     0:06:08.137
Updater            8232   8   7  269   2456     0:00:00.218     0:05:58.423
SearchProtocolHost 37180   4   6  274   1924     0:00:00.046     0:05:04.151
SearchFilterHost  12044   4   5  211   2700     0:00:00.109     0:02:40.650
SystemSettingsBroker 19200   8  28  503   7856     0:00:00.578     0:02:39.427
svchost           28664   8   4  162   2340     0:00:00.078     0:02:38.606
notepad           37132   8   7  313   4732     0:00:02.328     0:01:49.844
pslist            10064  13   4  244   3552     0:00:00.734     0:00:00.586
已经启动以下 Windows 服务: 

   Application Information
   AVCTP 服务
   Background Tasks Infrastructure Service
   Base Filtering Engine
   Certificate Propagation
   Client License Service (ClipSVC)
   CNG Key Isolation
   COM+ Event System
   Connected User Experiences and Telemetry
   Contact Data_1a8d6fed
   CoreMessaging
   Credential Manager
   Cryptographic Services
   Data Sharing Service
   DCOM Server Process Launcher
   Delivery Optimization
   Device Association Service
   DHCP Client
   Diagnostic Policy Service
   Diagnostic Service Host
   Diagnostic System Host
   Distributed Link Tracking Client
   DNS Client
   Elan Service
   Encrypting File System (EFS)
   Geolocation Service
   Human Interface Device Service
   IKE and AuthIP IPsec Keying Modules
   Intel Bluetooth Service
   Intel(R) Content Protection HDCP Service
   Intel(R) Content Protection HECI Service
   Intel(R) HD Graphics Control Panel Service
   Intel? SGX AESM
   IP Helper
   Kaobeitu Kernel Server
   Kingsoft Core Service
   Local Session Manager
   Microsoft Office 即点即用服务
   Microsoft Store 安装服务
   MyAPP Service
   Network Connection Broker
   Network List Service
   Network Location Awareness
   Network Store Interface Service
   NewNote Kernel Server
   NVIDIA Display Container LS
   NVIDIA LocalSystem Container
   NVIDIA Telemetry Container
   On Screen Display Service
   OOBEService
   PDF ConvertService
   PhotoviewerService
   Plug and Play
   Power
   Print Spooler
   Program Compatibility Assistant Service
   QPCore Service
   QQPCMgr RTP Service
   Quality Windows Audio Video Experience
   Remote Access Connection Manager
   Remote Desktop Configuration
   Remote Desktop Services
   Remote Procedure Call (RPC)
   RPC Endpoint Mapper
   Secondary Logon
   Secure Socket Tunneling Protocol Service
   Security Accounts Manager
   Security Center
   Server
   Shell Hardware Detection
   SSDP Discovery
   State Repository Service
   Storage Service
   SysMain
   System Event Notification Service
   System Events Broker
   System Guard 运行时监视器代理
   Task Scheduler
   TCP/IP NetBIOS Helper
   Themes
   Time Broker
   Touch Keyboard and Handwriting Panel Service
   UnisellSvwhest
   User Data Access_1a8d6fed
   User Data Storage_1a8d6fed
   User Manager
   User Profile Service
   vPFiuiwK Service
   Web 帐户管理器
   Windows Audio
   Windows Audio Endpoint Builder
   Windows Biometric Service
   Windows Connection Manager
   Windows Defender Firewall
   Windows Event Log
   Windows Font Cache Service
   Windows Image Acquisition (WIA)
   Windows Management Instrumentation
   Windows Phone IP over USB Transport (IpOverUsbSvc)
   Windows Presentation Foundation Font Cache 3.0.0.0
   Windows Push Notifications User Service_1a8d6fed
   Windows Search
   Windows Update
   Windows 安全中心服务
   Windows 推送通知系统服务
   Windows 许可证管理器服务
   WinHTTP Web Proxy Auto-Discovery Service
   WLAN AutoConfig
   Workstation
   XYUPDATE
   zgshpReteno
   剪贴板用户服务_1a8d6fed
   功能访问管理器服务
   同步主机_1a8d6fed
   数据使用量
   无线电管理服务
   显示增强服务
   显示策略服务
   更新 Orchestrator 服务
   连接设备平台服务
   连接设备平台用户服务_1a8d6fed

命令成功完成。

